// Jest Snapshot v1, https://goo.gl/fbAQLP

exports[`renders correctly 1`] = `
Object {
  "css": Object {
    "code": "",
    "map": null,
  },
  "head": "",
  "html": "
	You have ⁨42⁩ unread emails.
",
}
`;
